// Jest Snapshot v1, https://goo.gl/fbAQLP

exports[`should render the correct content for the Calculator Page 1`] = `
<div
  className="container-fluid large"
>
  <div
    className="row"
  >
    <div
      className="col-sm-12 col-md-6"
    >
      <h1
        className="title mt-5 ml-5"
      >
        Let's do some math!
      </h1>
    </div>
    <div
      className="col-sm-12 col-md-6"
    >
      <div
        className="calculator mt-5"
      >
        <div
          className="display"
          id="display"
        >
          
          
          
          
        </div>
        <div
          className="group1"
        >
          <button
            className=" "
            onClick={[Function]}
            type="button"
          >
            AC
          </button>
          <button
            className=" "
            onClick={[Function]}
            type="button"
          >
            +/-
          </button>
          <button
            className=" "
            onClick={[Function]}
            type="button"
          >
            %
          </button>
          <button
            className="orange "
            onClick={[Function]}
            type="button"
          >
            รท
          </button>
          <button
            className=" "
            onClick={[Function]}
            type="button"
          >
            7
          </button>
          <button
            className=" "
            onClick={[Function]}
            type="button"
          >
            8
          </button>
          <button
            className=" "
            onClick={[Function]}
            type="button"
          >
            9
          </button>
          <button
            className="orange "
            onClick={[Function]}
            type="button"
          >
            *
          </button>
          <button
            className=" "
            onClick={[Function]}
            type="button"
          >
            4
          </button>
          <button
            className=" "
            onClick={[Function]}
            type="button"
          >
            5
          </button>
          <button
            className=" "
            onClick={[Function]}
            type="button"
          >
            6
          </button>
          <button
            className="orange "
            onClick={[Function]}
            type="button"
          >
            -
          </button>
          <button
            className=" "
            onClick={[Function]}
            type="button"
          >
            1
          </button>
          <button
            className=" "
            onClick={[Function]}
            type="button"
          >
            2
          </button>
          <button
            className=" "
            onClick={[Function]}
            type="button"
          >
            3
          </button>
          <button
            className="orange "
            onClick={[Function]}
            type="button"
          >
            +
          </button>
          <button
            className=" bigN"
            onClick={[Function]}
            type="button"
          >
            0
          </button>
          <button
            className=" "
            onClick={[Function]}
            type="button"
          >
            .
          </button>
          <button
            className="orange "
            onClick={[Function]}
            type="button"
          >
            =
          </button>
        </div>
      </div>
    </div>
  </div>
</div>
`;
