// Jest Snapshot v1, https://goo.gl/fbAQLP

exports[`should display the correct quote on the Quote Page 1`] = `
<div
  className="container-fluid large "
>
  <div
    className="container"
  >
    <h1
      className="mx-5 d-flex justify-content-center centro align-items-center"
    >
      Mathematics is not about numbers, equations, computations, or algorithms: it is about understanding. â€“William Paul Thurston
    </h1>
  </div>
</div>
`;
